........................................................................ [ 19%]
........................................................................ [ 39%]
......F..........F..........................F......................F.... [ 59%]
....................................................FFFFFF.............. [ 78%]
........................................................................ [ 98%]
.....                                                                    [100%]
=================================== FAILURES ===================================
_ test_a_responsive_space_uses_canvas_and_keeps_a_complete_first_reading_unit[320-568-0.98-12] _
tests/browser/test_a_w05a_product.py:211: in test_a_responsive_space_uses_canvas_and_keeps_a_complete_first_reading_unit
    assert metrics["firstBandBottom"] <= height, metrics
E   AssertionError: {'ratio': 1, 'padding': 10, 'headMargin': 8, 'chartHeight': 368.78125, ...}
E   assert 601.015625 <= 568
_________ test_a_home_efficacy_preserves_all_endpoints_and_timepoints __________
tests/browser/test_a_portal.py:80: in test_a_home_efficacy_preserves_all_endpoints_and_timepoints
    assert set(page.locator('[data-chart-id="home-efficacy"] [data-row-id]').evaluate_all(
E   AssertionError: assert {'a-rebuild-e...01601d0', ...} == {'a-rebuild-e...0d445c0', ...}
E     
E     Extra items in the right set:
E     'a-rebuild-efficacy-row_162fd1ff076fcf45a93d03e0'
E     'a-rebuild-efficacy-row_c9b30193a44cf606218c510f'
E     'a-rebuild-efficacy-row_0348ab68bd8cbfee1479cd69'
E     'a-rebuild-efficacy-row_18a82de66d40c8036d0c6a3d'
E     'a-rebuild-efficacy-row_fcc652fd4e6a4c6684f180c6'...
E     
E     ...Full output truncated (2659 lines hidden), use '-vv' to show
___ test_a_safety_heatmap_uses_distinct_continuous_colors_within_each_event ____
tests/browser/test_a_portal.py:468: in test_a_safety_heatmap_uses_distinct_continuous_colors_within_each_event
    assert len(set(teae_backgrounds)) == 4
E   assert 0 == 4
E    +  where 0 = len(set())
E    +    where set() = set([])
_____________ test_a_safety_details_are_paginated_and_fit_at_1024 ______________
tests/browser/test_a_portal.py:756: in test_a_safety_details_are_paginated_and_fit_at_1024
    complete_table.locator("summary").click()
.venv/lib/python3.12/site-packages/playwright/sync_api/_generated.py:17672: in click
    self._sync(
.venv/lib/python3.12/site-packages/playwright/_impl/_locator.py:163: in click
    return await self._frame._click(self._selector, strict=True, **params)
           ^^^^^^^^^^^^^^^^^^^^^^^^^^^^^^^^^^^^^^^^^^^^^^^^^^^^^^^^^^^^^^^
.venv/lib/python3.12/site-packages/playwright/_impl/_frame.py:591: in _click
    await self._channel.send("click", self._timeout, locals_to_params(locals()))
.venv/lib/python3.12/site-packages/playwright/_impl/_connection.py:69: in send
    return await self._connection.wrap_api_call(
.venv/lib/python3.12/site-packages/playwright/_impl/_connection.py:563: in wrap_api_call
    raise rewrite_error(error, f"{parsed_st['apiName']}: {error}") from None
E   playwright._impl._errors.Error: Locator.click: Error: strict mode violation: locator("[data-paged-table]").locator("details.kz-complete-table").locator("summary") resolved to 20363 elements:
E       1) <summary class="kz-complete-table__summary">展开当前筛选的完整安全性表</summary> aka get_by_text("展开当前筛选的完整安全性表")
E       2) <summary>查看安全语义</summary> aka get_by_text("查看安全语义").first
E       3) <summary>查看依据</summary> aka get_by_text("查看依据").first
E       4) <summary>查看安全语义</summary> aka get_by_text("查看安全语义").nth(1)
E       5) <summary>查看依据</summary> aka get_by_text("查看依据").nth(1)
E       6) <summary>查看安全语义</summary> aka get_by_text("查看安全语义").nth(2)
E       7) <summary>查看依据</summary> aka get_by_text("查看依据").nth(2)
E       8) <summary>查看安全语义</summary> aka get_by_text("查看安全语义").nth(3)
E       9) <summary>查看依据</summary> aka get_by_text("查看依据").nth(3)
E       10) <summary>查看安全语义</summary> aka get_by_text("查看安全语义").nth(4)
E       ...
E   
E   Call log:
E     - waiting for locator("[data-paged-table]").locator("details.kz-complete-table").locator("summary")
______________ test_pointer_bar_opens_same_row_evidence[chromium] ______________
tests/browser/test_evidence_drawer.py:948: in test_pointer_bar_opens_same_row_evidence
    page.locator("#kz-evidence-drawer").wait_for(state="visible")
.venv/lib/python3.12/site-packages/playwright/sync_api/_generated.py:20298: in wait_for
    self._sync(
.venv/lib/python3.12/site-packages/playwright/_impl/_locator.py:741: in wait_for
    await self._frame.wait_for_selector(
.venv/lib/python3.12/site-packages/playwright/_impl/_frame.py:394: in wait_for_selector
    await self._channel.send(
.venv/lib/python3.12/site-packages/playwright/_impl/_connection.py:69: in send
    return await self._connection.wrap_api_call(
.venv/lib/python3.12/site-packages/playwright/_impl/_connection.py:563: in wrap_api_call
    raise rewrite_error(error, f"{parsed_st['apiName']}: {error}") from None
E   playwright._impl._errors.TimeoutError: Locator.wait_for: Timeout 30000ms exceeded.
E   Call log:
E     - waiting for locator("#kz-evidence-drawer") to be visible
E       64 × locator resolved to hidden <aside hidden="" id="kz-evidence-drawer" class="kz-evidence-drawer">…</aside>
_______________ test_pointer_bar_opens_same_row_evidence[webkit] _______________
tests/browser/test_evidence_drawer.py:948: in test_pointer_bar_opens_same_row_evidence
    page.locator("#kz-evidence-drawer").wait_for(state="visible")
.venv/lib/python3.12/site-packages/playwright/sync_api/_generated.py:20298: in wait_for
    self._sync(
.venv/lib/python3.12/site-packages/playwright/_impl/_locator.py:741: in wait_for
    await self._frame.wait_for_selector(
.venv/lib/python3.12/site-packages/playwright/_impl/_frame.py:394: in wait_for_selector
    await self._channel.send(
.venv/lib/python3.12/site-packages/playwright/_impl/_connection.py:69: in send
    return await self._connection.wrap_api_call(
.venv/lib/python3.12/site-packages/playwright/_impl/_connection.py:563: in wrap_api_call
    raise rewrite_error(error, f"{parsed_st['apiName']}: {error}") from None
E   playwright._impl._errors.TimeoutError: Locator.wait_for: Timeout 30000ms exceeded.
E   Call log:
E     - waiting for locator("#kz-evidence-drawer") to be visible
E       63 × locator resolved to hidden <aside hidden="" id="kz-evidence-drawer" class="kz-evidence-drawer">…</aside>
______ test_pointer_bar_escape_returns_focus_to_exact_svg_mark[chromium] _______
tests/browser/test_evidence_drawer.py:991: in test_pointer_bar_escape_returns_focus_to_exact_svg_mark
    page.locator("#kz-evidence-drawer").wait_for(state="visible")
.venv/lib/python3.12/site-packages/playwright/sync_api/_generated.py:20298: in wait_for
    self._sync(
.venv/lib/python3.12/site-packages/playwright/_impl/_locator.py:741: in wait_for
    await self._frame.wait_for_selector(
.venv/lib/python3.12/site-packages/playwright/_impl/_frame.py:394: in wait_for_selector
    await self._channel.send(
.venv/lib/python3.12/site-packages/playwright/_impl/_connection.py:69: in send
    return await self._connection.wrap_api_call(
.venv/lib/python3.12/site-packages/playwright/_impl/_connection.py:563: in wrap_api_call
    raise rewrite_error(error, f"{parsed_st['apiName']}: {error}") from None
E   playwright._impl._errors.TimeoutError: Locator.wait_for: Timeout 30000ms exceeded.
E   Call log:
E     - waiting for locator("#kz-evidence-drawer") to be visible
E       64 × locator resolved to hidden <aside hidden="" id="kz-evidence-drawer" class="kz-evidence-drawer">…</aside>
_______ test_pointer_bar_escape_returns_focus_to_exact_svg_mark[webkit] ________
tests/browser/test_evidence_drawer.py:991: in test_pointer_bar_escape_returns_focus_to_exact_svg_mark
    page.locator("#kz-evidence-drawer").wait_for(state="visible")
.venv/lib/python3.12/site-packages/playwright/sync_api/_generated.py:20298: in wait_for
    self._sync(
.venv/lib/python3.12/site-packages/playwright/_impl/_locator.py:741: in wait_for
    await self._frame.wait_for_selector(
.venv/lib/python3.12/site-packages/playwright/_impl/_frame.py:394: in wait_for_selector
    await self._channel.send(
.venv/lib/python3.12/site-packages/playwright/_impl/_connection.py:69: in send
    return await self._connection.wrap_api_call(
.venv/lib/python3.12/site-packages/playwright/_impl/_connection.py:563: in wrap_api_call
    raise rewrite_error(error, f"{parsed_st['apiName']}: {error}") from None
E   playwright._impl._errors.TimeoutError: Locator.wait_for: Timeout 30000ms exceeded.
E   Call log:
E     - waiting for locator("#kz-evidence-drawer") to be visible
E       63 × locator resolved to hidden <aside hidden="" id="kz-evidence-drawer" class="kz-evidence-drawer">…</aside>
______________ test_pointer_click_highlights_table_row[chromium] _______________
tests/browser/test_chart_table_sync.py:294: in test_pointer_click_highlights_table_row
    assert clicked == meta["expected"], (
E   AssertionError: 真实 pointer 未选中期望行：got=None expected=row-ctrl-endpoint-a
E   assert None == 'row-ctrl-endpoint-a'
_______________ test_pointer_click_highlights_table_row[webkit] ________________
tests/browser/test_chart_table_sync.py:294: in test_pointer_click_highlights_table_row
    assert clicked == meta["expected"], (
E   AssertionError: 真实 pointer 未选中期望行：got=None expected=row-ctrl-endpoint-a
E   assert None == 'row-ctrl-endpoint-a'
=========================== short test summary info ============================
FAILED tests/browser/test_a_w05a_product.py::test_a_responsive_space_uses_canvas_and_keeps_a_complete_first_reading_unit[320-568-0.98-12]
FAILED tests/browser/test_a_portal.py::test_a_home_efficacy_preserves_all_endpoints_and_timepoints
FAILED tests/browser/test_a_portal.py::test_a_safety_heatmap_uses_distinct_continuous_colors_within_each_event
FAILED tests/browser/test_a_portal.py::test_a_safety_details_are_paginated_and_fit_at_1024
FAILED tests/browser/test_evidence_drawer.py::test_pointer_bar_opens_same_row_evidence[chromium]
FAILED tests/browser/test_evidence_drawer.py::test_pointer_bar_opens_same_row_evidence[webkit]
FAILED tests/browser/test_evidence_drawer.py::test_pointer_bar_escape_returns_focus_to_exact_svg_mark[chromium]
FAILED tests/browser/test_evidence_drawer.py::test_pointer_bar_escape_returns_focus_to_exact_svg_mark[webkit]
FAILED tests/browser/test_chart_table_sync.py::test_pointer_click_highlights_table_row[chromium]
FAILED tests/browser/test_chart_table_sync.py::test_pointer_click_highlights_table_row[webkit]
10 failed, 355 passed in 614.98s (0:10:14)
